<?xml version='1.0' encoding='utf-8'?>
<testsuite name="Conversational AI QA Matrix" tests="12" failures="0" skipped="0" errors="0">
  <testcase name="TC-001" classname="Conversational AI QA Matrix" />
  <testcase name="TC-002" classname="Conversational AI QA Matrix" />
  <testcase name="TC-003" classname="Conversational AI QA Matrix" />
  <testcase name="TC-004" classname="Conversational AI QA Matrix" />
  <testcase name="TC-005" classname="Conversational AI QA Matrix" />
  <testcase name="TC-006" classname="Conversational AI QA Matrix" />
  <testcase name="TC-007" classname="Conversational AI QA Matrix" />
  <testcase name="TC-008" classname="Conversational AI QA Matrix" />
  <testcase name="TC-009" classname="Conversational AI QA Matrix" />
  <testcase name="TC-010" classname="Conversational AI QA Matrix" />
  <testcase name="TC-011" classname="Conversational AI QA Matrix" />
  <testcase name="TC-012" classname="Conversational AI QA Matrix" />
</testsuite>